// Jest Snapshot v1, https://goo.gl/fbAQLP

exports[`Pruebas en GifGridItem debe mostrar GifGridItem correctamente 1`] = `
<div
  className="card animate__animated animate__bounceInLeft"
>
  <img
    alt="Hunter S. Thompson"
    src="https://media.giphy.com/media/l0HlT2r5zQXyYkQqU/giphy.gif"
  />
  <p>
    Hunter S. Thompson
  </p>
</div>
`;
