// Jest Snapshot v1, https://goo.gl/fbAQLP

exports[`Pruebas en <GifGrid /> debe mostrar <GifGrid/> correctamente 1`] = `
<Fragment>
  <h2
    className="animate__animated animate__zoomInUp"
  />
  <h2
    className="animate__animated animate__flash"
  >
    Cargando...
  </h2>
  <div
    className="card-grid"
  />
</Fragment>
`;
